[90m[15:27:50][0m [34mÔûÂ INFO[0m [37mThe system is healthy for bootstrap.[0m
[90m[15:27:51][0m [36mÔûÂ DEBUG[0m [37m[90m[STARTED][0m Validating the container data directory structure, RO-Crate manifest, and Frictionless Data Package descriptor for integrity issues and non-compliant artifacts.[0m
[90m[15:27:51][0m [36mÔûÂ DEBUG[0m [37m[90m[STARTED][0m Preparing and validating the container metadata file for downstream steps.[0m
[90m[15:27:51][0m [34mÔûÂ INFO[0m [37mContainer metadata preparation finished, and the metadata file is valid and ready for downstream steps.[0m
[90m[15:27:51][0m [36mÔûÂ DEBUG[0m [37m[90m[STARTED][0m Preparing the storage index and synchronizing the container entry with its metadata file.[0m
[90m[15:27:51][0m [34mÔûÂ INFO[0m [37mStorage index preparation finished, and the container entry is synchronized with its metadata file.[0m
[90m[15:27:51][0m [36mÔûÂ DEBUG[0m [37m[90m[STARTED][0m Synchronizing the container Data Package descriptor with current local resources while preserving enriched and external descriptors.[0m
[90m[15:27:52][0m [34mÔûÂ INFO[0m [37mContainer Data Package descriptor was synchronized with current local resources while enriched and external descriptors were preserved.[0m
[90m[15:27:52][0m [36mÔûÂ DEBUG[0m [37m[90m[STARTED][0m Synchronizing the RO-Crate manifest with the on-disk file set and available filesystem metadata.[0m
[90m[15:27:55][0m [34mÔûÂ INFO[0m [37mRO-Crate manifest was synchronized with the on-disk file set and available filesystem metadata.[0m
[90m[15:27:55][0m [36mÔûÂ DEBUG[0m [37m[90m[STARTED][0m Removing non-tabular resources unsupported by Frictionless from the Data Package descriptor.[0m
[90m[15:27:55][0m [34mÔûÂ INFO[0m [37mNon-tabular resources unsupported by Frictionless were removed from the Data Package descriptor.[0m
[90m[15:27:55][0m [36mÔûÂ DEBUG[0m [37m[90m[STARTED][0m Registering Frictionless-compatible RO-Crate files as resources in the Data Package descriptor.[0m
[90m[15:27:56][0m [34mÔûÂ INFO[0m [37mFrictionless-compatible RO-Crate files were registered as resources in the Data Package descriptor.[0m
[90m[15:27:56][0m [34mÔûÂ INFO[0m [37mContainer data directory structure, RO-Crate manifest, and Frictionless Data Package descriptor were validated; no integrity issues or non-compliant artifacts were found.[0m

[38;2;186;26;26mÔöîÔöÇÔöÇ[0m >_ [38;2;255;255;255mInfo[1;38;2;0;180;216mBIM[0m [38;2;186;26;26mÔöÇÔöÇÔöÇÔöÇÔöÇÔöÇÔöÇÔöÇÔöÇÔöÇÔöÇÔöÇÔöÇÔöÇÔöÇÔöÇÔöÇÔöÇÔöÇÔöÇÔöÇÔöÇÔöÇÔöÇÔöÇÔöÇÔöÇÔöÇÔöÇÔöÇÔöÇÔöÇÔöÇÔöÇÔöÇÔöÇÔöÇÔöÇÔöÇÔöÇÔöÇÔöÇÔöÇÔöÇÔöÇÔöÇÔöÇÔöÇÔöÇÔöÇÔöÇÔöÇÔöÇÔöÇÔöÇÔöÇÔöÇÔöÇÔöÇÔöÇÔöÇÔöÇÔöÇÔöÇÔöÉ[0m
[38;2;186;26;26mÔöé[0m                                                                              [38;2;186;26;26mÔöé[0m
[38;2;186;26;26mÔöé[0m [1mRUN[0m                                                                          [38;2;186;26;26mÔöé[0m
[38;2;186;26;26mÔöé[0m                                                                              [38;2;186;26;26mÔöé[0m
[38;2;186;26;26mÔöé[0m Command execution failed.                                                    [38;2;186;26;26mÔöé[0m
[38;2;186;26;26mÔöé[0m                                                                              [38;2;186;26;26mÔöé[0m
[38;2;186;26;26mÔöé[0m PostconditionError                                                           [38;2;186;26;26mÔöé[0m
[38;2;186;26;26mÔöé[0m Object: undefined -> None [handler.can_transit_to(to_state = SurfaceGenerationProcessStatePort.CONTAINER_HEALTHY)] -> container_healthy [38;2;186;26;26mÔöé[0m
[38;2;186;26;26mÔöé[0m Assertion: handler.validate_state_transition(from_state = SurfaceGenerationProcessStatePort.UNDEFINED, to_state = SurfaceGenerationProcessStatePort.CONTAINER_HEALTHY) [38;2;186;26;26mÔöé[0m
[38;2;186;26;26mÔöé[0m Configuration: ['standard_html_surface']                                     [38;2;186;26;26mÔöé[0m
[38;2;186;26;26mÔöé[0m Step: MicroStep(transition=Transition('undefined', 'container_healthy', event=None), entered_states=['container_healthy'], exited_states=['undefined']) [38;2;186;26;26mÔöé[0m
[38;2;186;26;26mÔöé[0m Context:                                                                     [38;2;186;26;26mÔöé[0m
[38;2;186;26;26mÔöé[0m  - SurfaceGenerationProcessStatePort = <enum 'SurfaceGenerationProcessState'> [38;2;186;26;26mÔöé[0m
[38;2;186;26;26mÔöé[0m  - handler = <infobim.view.adapter.machine.InfoBIMSurfaceGenerationStateTransitionHandler object at 0x000002677FBF4B60> [38;2;186;26;26mÔöé[0m
[38;2;186;26;26mÔööÔöÇÔöÇÔöÇÔöÇÔöÇÔöÇÔöÇÔöÇÔöÇÔöÇÔöÇÔöÇÔöÇÔöÇÔöÇÔöÇÔöÇÔöÇÔöÇÔöÇÔöÇÔöÇÔöÇÔöÇÔöÇÔöÇÔöÇÔöÇÔöÇÔöÇÔöÇÔöÇÔöÇÔöÇÔöÇÔöÇÔöÇÔöÇÔöÇÔöÇÔöÇÔöÇÔöÇÔöÇÔöÇÔöÇÔöÇÔöÇÔöÇÔöÇÔöÇÔöÇÔöÇÔöÇÔöÇÔöÇÔöÇÔöÇÔöÇÔöÇÔöÇÔöÇÔöÇÔöÇÔöÇÔöÇÔöÇÔöÇÔöÇÔöÇÔöÇÔöÇÔöÇÔöÇÔöÇÔöÇÔöÇÔöÇÔöÿ[0m

